% <ignoreline> Programm: www/cgi-bin/brg/pex.pl, v2.10/13.07.2013 (Perl 5.014002)
% <ignoreline> DB (src/test/input/single_article.csv) => LaTeX (src/test/output/callingpex.tex) [Mon Jul 15 23:48:07 2013]
\end{document}%