Content-type: application/json; charset=utf-8
Status: 200

{
    "id": "1",
    "priority": "100",
    "type": "A",
    "chapter": "Introduction",
    "title": "Changed Title",
    "header": "",
    "body": "Some text within the article.",
    "footer": "",
    "lastChanged": ""
}
