Content-type: application/json; charset=utf-8

{
    "id": "2",
    "priority": "501",
    "type": "A",
    "chapter": "Introduction",
    "title": "Title of the second article",
    "header": "",
    "body": "",
    "footer": "",
    "lastChanged": ""
}
