Content-type: application/json; charset=utf-8

{
    "id": "1",
    "priority": "-1",
    "type": "A",
    "chapter": "",
    "title": "",
    "header": "",
    "body": "",
    "footer": "",
    "lastChanged": ""
}
