Content-type: application/json; charset=utf-8
Status: 201

{
    "id": "1",
    "priority": "500",
    "type": "A",
    "chapter": "Introduction",
    "title": "Title of the article",
    "header": "",
    "body": "",
    "footer": "",
    "lastChanged": ""
}
