This directory contains the files with the expected content of
C++ test cases.
