%%% begin - automatically inserted \documentclass
\documentclass{berg}
%%% end   - automatically inserted \documentclass
%%% begin - automatically inserted \begin{document}
\begin{document}%
\shorthandoff{"}% Disable " from babel
\normalsize
%%% end   - automatically inserted \begin{document}
%%% begin - automatically inserted \end{document}
\end{document}%
%%% end   - automatically inserted \end{document}
